[     0s] 로드(usecols+float32)…
[    14s] dev 1,926,959행
[    20s] 준비완료, CV 시작
[   249s] fold0 [C0 기존] F1=0.2015 Acc=0.1714
[   497s] fold0 [A +EBV만] F1=0.2023 Acc=0.1723
[   534s] fold0 [B +자손TE만] F1=0.1817 Acc=0.1496
[   820s] fold0 [C +조상본인등급만] F1=0.2039 Acc=0.1738
[   855s] fold0 [D +자손TE+EBV] F1=0.1824 Acc=0.1509
[   892s] fold0 [E +자손마블링] F1=0.1786 Acc=0.1506
[  1177s] fold1 [C0 기존] F1=0.2057 Acc=0.1744
[  1438s] fold1 [A +EBV만] F1=0.2061 Acc=0.1743
[  1473s] fold1 [B +자손TE만] F1=0.1825 Acc=0.1498
[  1737s] fold1 [C +조상본인등급만] F1=0.2066 Acc=0.1754
[  1772s] fold1 [D +자손TE+EBV] F1=0.1818 Acc=0.1494
[  1808s] fold1 [E +자손마블링] F1=0.1749 Acc=0.1502

===== 격리 결과 (2-fold 평균) =====
  C0 기존            MacroF1=0.2036 (+0.0000)  Acc=0.1729
  A +EBV만          MacroF1=0.2042 (+0.0007)  Acc=0.1733
  B +자손TE만         MacroF1=0.1821 (-0.0215)  Acc=0.1497
  C +조상본인등급만       MacroF1=0.2052 (+0.0017)  Acc=0.1746
  D +자손TE+EBV      MacroF1=0.1821 (-0.0215)  Acc=0.1502
  E +자손마블링         MacroF1=0.1768 (-0.0268)  Acc=0.1504
[  1809s] 완료
