[    0s] 로드(track1 69개 + 빌드용)…
[   36s] dev 1,926,959
[   37s] late-heat 계산…
[   38s] 피처 빌드 완료. 결측/통계 확인:
  weight_vs_peer         결측  0.0%  grade_num 상관 +0.217
  daily_gain_z_by_sex    결측  0.0%  grade_num 상관 +0.299
  ratio_고온_late          결측  0.0%  grade_num 상관 +0.012
  lineage_missing        결측  0.0%  grade_num 상관 -0.063
[  246s] fold0 [C0 기존(69)] F1=0.2031 Acc=0.1735
[  460s] fold0 [A +gain²(무의미예상)] F1=0.2033 Acc=0.1735
[  728s] fold0 [B +또래체격] F1=0.2060 Acc=0.1751
[  955s] fold0 [C +성별내z] F1=0.2035 Acc=0.1738
[ 1221s] fold0 [D +혈통미등록] F1=0.2042 Acc=0.1743
[ 1473s] fold0 [E +출하전더위] F1=0.2039 Acc=0.1741
[ 1697s] fold0 [F +좋은것전부] F1=0.2044 Acc=0.1737
[ 1947s] fold1 [C0 기존(69)] F1=0.2075 Acc=0.1756
[ 2199s] fold1 [A +gain²(무의미예상)] F1=0.2084 Acc=0.1771
[ 2469s] fold1 [B +또래체격] F1=0.2088 Acc=0.1772
[ 2729s] fold1 [C +성별내z] F1=0.2069 Acc=0.1761
[ 3019s] fold1 [D +혈통미등록] F1=0.2076 Acc=0.1766
[ 3278s] fold1 [E +출하전더위] F1=0.2084 Acc=0.1768
[ 3548s] fold1 [F +좋은것전부] F1=0.2089 Acc=0.1773

===== 결과 (2-fold 평균) =====
  C0 기존(69)              MacroF1=0.2053 (+0.0000)  Acc=0.1745
  A +gain²(무의미예상)        MacroF1=0.2058 (+0.0005)  Acc=0.1753
  B +또래체격                MacroF1=0.2074 (+0.0021)  Acc=0.1761
  C +성별내z                MacroF1=0.2052 (-0.0001)  Acc=0.1749
  D +혈통미등록               MacroF1=0.2059 (+0.0006)  Acc=0.1754
  E +출하전더위               MacroF1=0.2062 (+0.0009)  Acc=0.1755
  F +좋은것전부               MacroF1=0.2066 (+0.0013)  Acc=0.1755
[ 3549s] 완료
