[14:01:49] RUN: notebooks/1_merge/Step3_area.ipynb
[14:02:23] OK:  notebooks/1_merge/Step3_area.ipynb
[14:02:23] RUN: notebooks/1_merge/Step4-4_weather.ipynb
[14:03:13] OK:  notebooks/1_merge/Step4-4_weather.ipynb
[14:03:13] RUN: notebooks/1_merge/Verify.ipynb
[14:04:44] OK:  notebooks/1_merge/Verify.ipynb
[14:04:44] RUN: notebooks/2_preprocess/Step1_train.ipynb
[14:05:38] OK:  notebooks/2_preprocess/Step1_train.ipynb
[14:05:38] RUN: notebooks/2_preprocess/Step2_death.ipynb
[14:06:27] OK:  notebooks/2_preprocess/Step2_death.ipynb
[14:06:27] RUN: notebooks/2_preprocess/Step3_area.ipynb
[14:07:15] OK:  notebooks/2_preprocess/Step3_area.ipynb
[14:07:15] RUN: notebooks/2_preprocess/Step4_lineage.ipynb
[14:08:13] OK:  notebooks/2_preprocess/Step4_lineage.ipynb
[14:08:13] RUN: notebooks/2_preprocess/Step5_weather.ipynb
[14:09:06] OK:  notebooks/2_preprocess/Step5_weather.ipynb
[14:09:06] RUN: notebooks/2_preprocess/Verify.ipynb
[14:10:16] OK:  notebooks/2_preprocess/Verify.ipynb
[14:10:16] RUN: notebooks/3_eda/13_상관관계.ipynb
[14:11:19] OK:  notebooks/3_eda/13_상관관계.ipynb
[14:11:19] RUN: notebooks/3_eda/14_산점도_박스플롯.ipynb
[14:12:40] OK:  notebooks/3_eda/14_산점도_박스플롯.ipynb
[14:12:40] RUN: notebooks/3_eda/15_기상변수_탐색.ipynb
[14:13:54] OK:  notebooks/3_eda/15_기상변수_탐색.ipynb
[14:13:54] RUN: notebooks/3_eda/16_시공간패턴.ipynb
[14:14:59] OK:  notebooks/3_eda/16_시공간패턴.ipynb
[14:14:59] RUN: notebooks/3_eda/17_파생변수.ipynb
[14:16:16] OK:  notebooks/3_eda/17_파생변수.ipynb
[14:16:16] PIPELINE DONE
-rw-r--r--@ 1 chosun-nhn04  staff  1774213900 Jun 25 14:16 data/processed/3_eda/step11_features.csv
